# This is a list of map fragments, each 5x5
# This list of pieces was create by Jeff Lait
# It is released into the public domain.

+-----+
|#####|
|     |
|     |
|     |
|     |
+-----+
+-----+
|#####|
|  ###|
|   ##|
|    #|
|    #|
+-----+
+-----+
|#####|
|   ##|
|    #|
|   ##|
|#####|
+-----+
+-----+
|#####|
|     |
|     |
|     |
|#####|
+-----+
+-----+
|     |
|     |
|     |
|     |
|     |
+-----+
+-----+
|     |
|  #  |
| ### |
|  #  |
|     |
+-----+
+-----+
|###  |
|##   |
|#    |
|     |
|     |
+-----+
+-----+
|###  |
|##   |
|#   #|
|   ##|
|  ###|
+-----+
+-----+
|###  |
|##   |
|##  #|
|#####|
|#####|
+-----+
+-----+
|###  |
|##   |
|#    |
|##   |
|###  |
+-----+
+-----+
|#####|
|##   |
|#    |
|     |
|     |
+-----+
+-----+
|###  |
|##   |
|#    |
|     |
|#####|
+-----+
+-----+
|## ##|
|## ##|
|     |
|#  ##|
|## ##|
+-----+
+-----+
|## ##|
|## ##|
|##   |
|## ##|
|## ##|
+-----+
+-----+
|## ##|
|## ##|
|##   |
|#####|
|#####|
+-----+
+-----+
|## ##|
|#   #|
|# # #|
|#   #|
|## ##|
+-----+
+-----+
|## ##|
|## ##|
|## ##|
|## ##|
|## ##|
+-----+
+-----+
|## ##|
|#  ##|
|#    |
|#   #|
|#####|
+-----+
+-----+
|## ##|
|#   #|
|#   #|
|#   #|
|#   #|
+-----+
+-----+
|## ##|
|#   #|
|#   #|
|#   #|
|#####|
+-----+
+-----+
|## ##|
|##   |
|#    |
|     |
|     |
+-----+
+-----+
|## ##|
|##  #|
|#   #|
|     |
|     |
+-----+
+-----+
|## ##|
|#   #|
|#   #|
|##   |
|###  |
+-----+
+-----+
|## ##|
|#    |
|#    |
|##   |
|###  |
+-----+
+-----+
|#####|
|## ##|
|#   #|
|   ##|
| # ##|
+-----+
+-----+
|# ###|
|# # #|
|# # #|
|#   #|
|#####|
+-----+
+-----+
|  ###|
|   ##|
|#   #|
|#  ##|
|  ###|
+-----+
+-----+
|#####|
|#### |
|###  |
|##   |
|## ##|
+-----+
+-----+
|#   #|
|#  ##|
|##  #|
|###  |
|#    |
+-----+
+-----+
|    #|
|    #|
|#  ##|
|## ##|
|#####|
+-----+
+-----+
|#####|
|     |
|#### |
|#    |
|  ###|
+-----+
+-----+
| ## #|
| #  #|
| # ##|
|   ##|
|  ###|
+-----+
+-----+
|# ###|
|#   #|
|### #|
|    #|
|#####|
+-----+
+-----+
|# ###|
|# ###|
|#  ##|
|#  ##|
|#   #|
+-----+
+-----+
|# ###|
|#   #|
|### #|
|##  #|
|## ##|
+-----+
+-----+
|#####|
|  #  |
|#   #|
|#   #|
|#####|
+-----+
+-----+
|#####|
|#    |
|#   #|
|#   #|
|## ##|
+-----+
+-----+
|#####|
|    #|
|  # #|
| ## #|
| ## #|
+-----+
+-----+
|#####|
|   ##|
|##  #|
|### #|
|### #|
+-----+
+-----+
|## ##|
|#  ##|
|#    |
|   ##|
|#####|
+-----+
+-----+
|    #|
| ####|
|    #|
| #  #|
|### #|
+-----+
+-----+
|### #|
|### #|
|### #|
|#   #|
|# ###|
+-----+
+-----+
|## ##|
|##  #|
|    #|
|#  ##|
|## ##|
+-----+
+-----+
|#    |
|#    |
|## ##|
|## ##|
|## ##|
+-----+
+-----+
|# ###|
|#   #|
|###  |
|    #|
|#####|
+-----+
+-----+
|#    |
|# ###|
|    #|
|###  |
|#####|
+-----+
+-----+
|# ###|
|# ###|
|    #|
|### #|
|### #|
+-----+
+-----+
|## ##|
|     |
|#    |
|###  |
|#####|
+-----+
+-----+
|#   #|
|# ###|
|# ###|
|#    |
|### #|
+-----+
+-----+
|## ##|
|#    |
|  ## |
|#    |
|#####|
+-----+
+-----+
|## ##|
|##  #|
|### #|
|    #|
|## ##|
+-----+
+-----+
|#####|
|#    |
|  ## |
|###  |
|#    |
+-----+
+-----+
|  ###|
|    #|
|### #|
|#   #|
|# ###|
+-----+
+-----+
|  ###|
|   ##|
|#   #|
|##  #|
|### #|
+-----+
